PyTorch 2.14.0+cpu | 设备: cpu | 线程数: 2
语料 2162 字符 | 词表大小 V = 699
模型参数量 502,656 (0.503M) | 配置: n_layer=2 n_head=4 n_embd=128 block=128 pos=有
step     1/1000 | loss 6.5638 | 6.74 it/s | 预计剩余 148s
step   100/1000 | loss 5.5793 | 8.65 it/s | 预计剩余 104s
step   200/1000 | loss 4.4965 | 8.42 it/s | 预计剩余 95s
step   300/1000 | loss 2.8037 | 8.30 it/s | 预计剩余 84s
step   400/1000 | loss 1.4241 | 8.26 it/s | 预计剩余 73s
step   500/1000 | loss 0.8352 | 8.25 it/s | 预计剩余 61s
step   600/1000 | loss 0.4319 | 8.21 it/s | 预计剩余 49s
step   700/1000 | loss 0.2522 | 7.99 it/s | 预计剩余 38s
step   800/1000 | loss 0.3509 | 8.01 it/s | 预计剩余 25s
step   900/1000 | loss 0.2305 | 8.03 it/s | 预计剩余 12s
step  1000/1000 | loss 0.1663 | 8.05 it/s | 预计剩余 0s
训练完成，耗时 2.1 分钟 | 最终 loss 0.1663 (前 100 步均值 5.7630)
已保存 loss_curve_L2_E128_lr0.01.png
已保存权重 exp1a.pt
--------------------------------------------------
【提示词「春」 第1段 | T=1.0 top_k=20】
春。
锄禾日入海流水使龙城飞将在将在，不教胡月黑雁雁雁飞将在高，不教胡马禾多阴山。
弃雁飞高，昨日之日多烦忧。
抽刀断水水更流，举杯消愁。人生在世不称意，明朝散发弄扁舟。
千里黄云白日曛，北风吹雁雪纷纷纷纷纷。莫愁前路，北风吹雁雪纷。莫愁前路红豆生南国，春来发几枝。
红豆生君多采撷，春来发几枝。
独坐幽篁里，弹琴复长啸。
--------------------------------------------------
【提示词「春」 第2段 | T=1.0 top_k=20】
春色来天地，玉垒浮云潮带雨雨晚来。
独，野渡无人舟自横。
独怜幽人，草色遥涌舟自横。春横。
独怜幽人舟自横，草色遥涌万风锦酥，草色遥看近却无。最是一年春好处，绝胜烟柳满皇都。
昔人乘黄鹤楼。欲黄鹤一年春好处，白头乘黄鹤去，绝胜烟柳满皇都。
昔人已乘黄鹤楼。
昔。
昔人已乘黄鹤楼。黄鹤楼。
昔人已乘黄鹤楼。
昔人已乘黄鹤楼
--------------------------------------------------
【提示词「月」 第1段 | T=1.0 top_k=20】
月长江上霜满天，江枫渔火对愁眠。姑苏城外寒山寺，夜半钟声到客船。
清明时节雨纷纷雁节雨纷纷纷纷纷，路上行人欲外人欲断魂。借问酒家何处有，牧童遥指杏花村。
独在异客，每逢佳节倍思亲。遥知兄弟登高处，遍插茱萸少一人。
烟笼寒水月笼沙，夜泊秦淮近酒家。商女不知亡国恨，隔江犹唱后庭花。商女花。
折戟沉沙铁未销，自将磨洗认前朝。东
--------------------------------------------------
【提示词「月」 第2段 | T=1.0 top_k=20】
月落，闻啼入对出惊山鸟鸟，时鸣春涧中。
红豆生南国，春来发几枝枝。愿君多采撷，此物最相思。
独坐幽篁坐幽篁里，弹著。
君自故乡来中相故乡草明年绿，日暮掩柴扉。春草明年绿，独酌无知，对影成三人。
小时不识月，呼作白玉盘。又疑瑶台镜，呼作白不识月，呼作白玉关情一片月，万户捣衣声。秋，总是玉关情。又疑瑶台镜，总是玉盘。秋风吹不
已保存 generated_base.txt
