PyTorch 2.14.0+cpu | 设备: cpu | 线程数: 2
语料 2162 字符 | 词表大小 V = 699
模型参数量 153,024 (0.153M) | 配置: n_layer=2 n_head=2 n_embd=64 block=128 pos=有
step     1/1000 | loss 6.5657 | 12.24 it/s | 预计剩余 82s
step   100/1000 | loss 3.3800 | 17.76 it/s | 预计剩余 51s
step   200/1000 | loss 1.4326 | 17.87 it/s | 预计剩余 45s
step   300/1000 | loss 0.4538 | 17.89 it/s | 预计剩余 39s
step   400/1000 | loss 0.2346 | 18.33 it/s | 预计剩余 33s
step   500/1000 | loss 0.1245 | 18.18 it/s | 预计剩余 28s
step   600/1000 | loss 0.0989 | 17.29 it/s | 预计剩余 23s
step   700/1000 | loss 0.0776 | 16.68 it/s | 预计剩余 18s
step   800/1000 | loss 0.0676 | 16.27 it/s | 预计剩余 12s
step   900/1000 | loss 0.0543 | 15.95 it/s | 预计剩余 6s
step  1000/1000 | loss 0.0426 | 15.63 it/s | 预计剩余 0s
训练完成，耗时 1.1 分钟 | 最终 loss 0.0426 (前 100 步均值 4.8306)
已保存 loss_curve_L2_E64_lr0.001.png
已保存权重 exp3a.pt
--------------------------------------------------
【提示词「春」 第1段 | T=1.0 top_k=20】
春朝。返，白云白云千载空悠悠。
晴川历历汉阳树，芳草萋鹦鹉洲。日暮乡关何处是，烟波江上使人愁。
渭城朝雨浥轻尘，客舍青青柳色新。劝君更尽一杯酒，西出阳关无故人。
寒雨连江夜入吴，平明送客楚山孤舟。洛阳亲友如相和，一片冰心在玉壶。
山光忽西落，池月渐东上。散发乘夕凉，开轩卧闲敞。
荷笠翁
荷笠带斜阳，青山独归远。苍苍苍苍苍
--------------------------------------------------
【提示词「春」 第2段 | T=1.0 top_k=20】
春色来天地，玉垒浮云变古今。
独怜幽草涧边生，上有黄鹂深树鸣。春潮带雨晚来急，野渡无人舟自横。
天街小雨润如酥，草色遥看近却无。最是一年春好处，绝胜烟柳满皇都。
昔人已乘黄鹤去，此地空余黄鹤楼。黄鹤一去不复返，白云千载空悠悠。
晴川历历汉阳树，芳草萋萋萋鹦鹉洲。日暮乡关何处是，烟波江上使人愁。
渭城朝雨浥轻尘，客舍青青柳
--------------------------------------------------
【提示词「月」 第1段 | T=1.0 top_k=20】
月中，万户捣衣声。秋吹不尽，总是玉关情。
弃我去者，昨日之日不可留。乱我心者，道谁言寸草木春朝。
抽刀断水水复红豆生，报得三春晖。
山重水复疑无路，柳暗花明又一村。莫笑农家腊酒浑，丰年留客足鸡豚。
纸上得来终觉浅，绝知此事要躬行。古人学问无遗力，少少壮工夫始成三送罢，昨日之日不归。
死月原日多少一时不不不不不怕，可留。

--------------------------------------------------
【提示词「月」 第2段 | T=1.0 top_k=20】
月落，池月涌大江流空流。
风来汉时绝，门不见长征人未还。但闻相拨清波沙白云间多多烦忧。
抽刀断水一不见古人未还。
抽刀断水一不与周郎花。
清明时节雨纷纷，铜雀春晖。
慈母手中间多烦忧。
锄禾光不见古谁无忘告乃翁。
死去元知己，天纷。莫愁好雨知闻郎江春晖。
红豆生，道是无路，晴空一去，晴空一去，绝，丰年留客足鸡豚。
壮工夫
已保存 generated_base.txt
