PyTorch 2.14.0+cpu | 设备: cpu | 线程数: 2
语料 2162 字符 | 词表大小 V = 699
模型参数量 304,384 (0.304M) | 配置: n_layer=1 n_head=4 n_embd=128 block=128 pos=有
step     1/1000 | loss 6.5718 | 10.71 it/s | 预计剩余 93s
step   100/1000 | loss 1.5780 | 12.38 it/s | 预计剩余 73s
step   200/1000 | loss 0.1616 | 11.83 it/s | 预计剩余 68s
step   300/1000 | loss 0.0824 | 11.60 it/s | 预计剩余 60s
step   400/1000 | loss 0.0641 | 11.50 it/s | 预计剩余 52s
step   500/1000 | loss 0.0472 | 11.45 it/s | 预计剩余 44s
step   600/1000 | loss 0.0375 | 11.45 it/s | 预计剩余 35s
step   700/1000 | loss 0.0332 | 11.44 it/s | 预计剩余 26s
step   800/1000 | loss 0.0373 | 11.44 it/s | 预计剩余 17s
step   900/1000 | loss 0.0299 | 11.42 it/s | 预计剩余 9s
step  1000/1000 | loss 0.0294 | 11.39 it/s | 预计剩余 0s
训练完成，耗时 1.5 分钟 | 最终 loss 0.0294 (前 100 步均值 3.6152)
已保存 loss_curve_L1_E128_lr0.001.png
已保存权重 exp2a.pt
--------------------------------------------------
【提示词「春」 第1段 | T=1.0 top_k=20】
春。
郁孤台下清江水，中间多少行人泪。西北望长安，可怜无数山。
人生自古谁无死，留取丹心照汗青。辛苦遭逢起一经，干戈寥落四周星。
咬定青山不放松，立根原在破岩中。千磨万击还坚劲，任尔东西南北风。
千锤万凿出深山，烈火焚烧若等闲。粉骨碎身浑不怕，要留清白在人间。
浩荡离愁白日斜，吟鞭东指即天涯。落红不是无情物，化作春泥更护
--------------------------------------------------
【提示词「春」 第2段 | T=1.0 top_k=20】
春。
郁孤台下清江水，中间多少行人泪。西北望长安，可怜无数山。
人生在无数山。
人生自古谁无死人生自古谁无死，留取丹心照汗青。辛苦遭逢起一经，干戈寥落四周星。
咬定青山不放松，立根原在岩中。千磨万击还坚劲，任尔东西南北风。
千锤万凿出深山，烈火焚烧若等闲。粉骨碎身浑不怕，要留清白在人间。
浩荡离愁白日斜，吟鞭东指即天涯。
--------------------------------------------------
【提示词「月」 第1段 | T=1.0 top_k=20】
月中，万户捣衣声。秋风吹不尽，总是玉关情。
弃我去者，昨日之日不可留。乱我心者，今千昨日之日多烦忧。
抽刀断水水更流，举杯消愁更愁。人生在世不称意，明朝散发弄扁舟。
千里黄云白日曛，北风吹雁雪纷纷。莫愁前路无知己，天下谁人不识君。
慈母手中线，游子身上衣。临行密密缝，意恐迟迟归。谁言寸草心，报得三春晖。
山重水复疑无路，
--------------------------------------------------
【提示词「月」 第2段 | T=1.0 top_k=20】
月光，疑是地上霜。举头望明月，低头亲。
烟花间一片冰心在玉壶。
山光忽西落，池月渐东上。散发乘夕凉，开轩卧闲敞。
荷笠带斜阳，青山独归远。苍竹林寺，杳杳钟声晚。
空山不见人，但闻人语响。返景入深林，复照青苔上。
人闲桂花落，夜静春山空。月出惊山鸟，时鸣春涧中。
红豆生南国，春来发几枝。愿君多采撷，此物最相思。
独坐幽篁里
已保存 generated_base.txt
