PyTorch 2.14.0+cpu | 设备: cpu | 线程数: 2
语料 2162 字符 | 词表大小 V = 699
模型参数量 502,656 (0.503M) | 配置: n_layer=2 n_head=4 n_embd=128 block=128 pos=有
step     1/1000 | loss 6.5638 | 4.82 it/s | 预计剩余 207s
step   100/1000 | loss 5.3602 | 6.92 it/s | 预计剩余 130s
step   200/1000 | loss 4.4958 | 6.86 it/s | 预计剩余 117s
step   300/1000 | loss 3.7249 | 4.69 it/s | 预计剩余 149s
step   400/1000 | loss 3.0350 | 5.14 it/s | 预计剩余 117s
step   500/1000 | loss 2.4466 | 3.80 it/s | 预计剩余 131s
step   600/1000 | loss 1.8994 | 4.18 it/s | 预计剩余 96s
step   700/1000 | loss 1.4363 | 4.45 it/s | 预计剩余 67s
step   800/1000 | loss 1.1162 | 4.65 it/s | 预计剩余 43s
step   900/1000 | loss 0.8195 | 4.83 it/s | 预计剩余 21s
step  1000/1000 | loss 0.6209 | 4.97 it/s | 预计剩余 0s
训练完成，耗时 3.4 分钟 | 最终 loss 0.6209 (前 100 步均值 5.8809)
已保存 loss_curve_L2_E128_lr0.0001.png
已保存权重 exp1b.pt
--------------------------------------------------
【提示词「春」 第1段 | T=1.0 top_k=20】
春。
人泪，要鞭东深人生有，我言照柳木春不尽，今。愿君一年春乃发弄扁舟自古言秋深锁，春风不住，今。
纸。苍丰年绿，绝知此暗花船。莫女不教胡马上催。
胜簪。古千帆过万骨碎身上催。孤台镜，飞绝见古人生。锦江雪满弓刀。遥乔。但悲不尽，白乘舟将欲行人破山河远边下扬州。
烽火焚烟花潭一片孤舟蓑笠带关，独夜舟。
弃置身。临行，渚清沙
--------------------------------------------------
【提示词「春」 第2段 | T=1.0 top_k=20】
春色来。谁，弹琴复长啸。
月日身浑不识月不识君自故乡夜半亩方多少。山上。来身上相平，报得三千酒，杳钟声到客船。
山重山三人泪。
月，可邀明送我去，报得人回。
千里，柳暗花潭水复疑瑶台镜，青日万里，飞在青飞在青云端。
月，夜萸少一人。
，万里，人。
月不胜年绿，此回。
千帆过，绝胜烟，安一万击还。
故乡事悠，夜泊秦淮近酒长
--------------------------------------------------
【提示词「月」 第1段 | T=1.0 top_k=20】
月中满万重山，柳满天青万金。白乘，，，忽闻岸头万木出西辞白乘入舟侧一片日胜簪。
国，乌啼影碧水滨，春。
千尺夜入寻常百姓家上踏歌情。
南北日之日出，无风不及汪伦送孙去，欲不苍
但闻郎便景一片月东边
白乘生南国，无晴翠，春。
自古逢佳节雨浥轻尘，池月两岸青山声。
路上踏歌声。苍苍竹林问，晴却有黄河西出西北看瀑布挂前辞。遥看
--------------------------------------------------
【提示词「月」 第2段 | T=1.0 top_k=20】
月落，意，鹅，鹅，曲项向天。白柔。白鹭尖角，树阴山。白银盘。
朝辞白作白帝彩云间水，千里江心照香炉生。
岸猿声行，遥看红湿处，千里船。
故人春独夜尽，花三千尺，不见长征战几人一片花三人间。
山。
远芳泗水深千里独怜，月两岸春。
红总是，不胜春朝辞黄鹤楼。
晴柔。
接郁孤帆远间，闻郎江水爱晴翠，山，锁北月落四四时节纷雪上踏
已保存 generated_base.txt
