PyTorch 2.14.0+cpu | 设备: cpu | 线程数: 2
语料 2162 字符 | 词表大小 V = 699
模型参数量 490,368 (0.490M) | 配置: n_layer=2 n_head=4 n_embd=128 block=32 pos=有
step     1/1000 | loss 6.5678 | 18.73 it/s | 预计剩余 53s
step   100/1000 | loss 2.5132 | 21.82 it/s | 预计剩余 41s
step   200/1000 | loss 0.4542 | 21.89 it/s | 预计剩余 37s
step   300/1000 | loss 0.1954 | 21.98 it/s | 预计剩余 32s
step   400/1000 | loss 0.1440 | 21.94 it/s | 预计剩余 27s
step   500/1000 | loss 0.1288 | 22.00 it/s | 预计剩余 23s
step   600/1000 | loss 0.1331 | 22.03 it/s | 预计剩余 18s
step   700/1000 | loss 0.0982 | 22.04 it/s | 预计剩余 14s
step   800/1000 | loss 0.1065 | 22.03 it/s | 预计剩余 9s
step   900/1000 | loss 0.1015 | 22.02 it/s | 预计剩余 5s
step  1000/1000 | loss 0.1157 | 22.02 it/s | 预计剩余 0s
训练完成，耗时 0.8 分钟 | 最终 loss 0.1157 (前 100 步均值 4.2460)
已保存 loss_curve_L2_E128_lr0.001_T32.png
已保存权重 exp4.pt
--------------------------------------------------
【提示词「春」 第1段 | T=1.0 top_k=20】
春涧中。
红豆生南国，春来发几枝。愿君多采撷，此物细。
慈母手中线，游子身上衣。临行密密密缝，意恐迟迟归。谁言寸草心，报得三春晖。
山重水复疑无路，柳暗花明又一村。莫笑农家腊酒浑，丰年留客足鸡豚。
纸上得来终觉觉浅，绝知此事要躬行。古人学问无遗力，少壮工夫老始成。
死去元知万事空，但悲不见九州同。王师北定中原日，家祭无忘
--------------------------------------------------
【提示词「春」 第2段 | T=1.0 top_k=20】
春色来天地，玉垒浮云变古今。
独怜幽草涧边生，上有黄鹂深树鸣。春潮带雨晚来急，野渡无人舟自横。
天街小雨润如酥，草色遥看近却无。最是一年春好处，绝胜烟柳满皇都。
昔人已乘黄鹤去，此地空余黄鹤楼。黄鹤一去不复返，白云千载空悠悠。
晴川历历汉阳树，芳草萋萋鹦鹉洲。日暮乡关何处是，烟波江上使人愁。
渭城朝雨浥轻尘，客舍青青柳色
--------------------------------------------------
【提示词「月」 第1段 | T=1.0 top_k=20】
月中，风光不与四时同。
胜日寻芳泗水滨，无边光景一时新。等闲识得东风面，万紫千红总是春。
半亩方塘一鉴开，天光云影共徘徊。问渠那得清如许，为有源头活水来。
郁孤台下清江水，中间多少行人泪。西北望长安，可怜无数山。
人生自古谁无死，留取丹心照汗青。辛苦遭逢起声惜细草微任重久神。
咬定青山不放松，立根原在破岩中。千磨万击还坚
--------------------------------------------------
【提示词「月」 第2段 | T=1.0 top_k=20】
月光忽闻啼鸟。夜来风雨声，花落知多少。
白日依山尽，黄河入海流。欲穷千里目，更上一层楼。
锄禾日当午，汗滴禾下土。谁知盘中餐，粒粒皆辛苦。
离离原上草，一岁一枯荣。野火烧不尽，春风吹又生。
远芳侵古道，晴翠接荒城。又送王孙去，萋萋满别情。
千山鸟飞绝，万径人踪灭。孤舟蓑笠翁，独钓寒江雪。
鹅，鹅，鹅，曲项向天歌。白毛浮绿
已保存 generated_T32.txt
