PyTorch 2.14.0+cpu | 设备: cpu | 线程数: 2
语料 2162 字符 | 词表大小 V = 699
模型参数量 899,200 (0.899M) | 配置: n_layer=4 n_head=4 n_embd=128 block=128 pos=有
step     1/1000 | loss 6.5931 | 3.61 it/s | 预计剩余 277s
step   100/1000 | loss 1.7898 | 3.94 it/s | 预计剩余 229s
step   200/1000 | loss 0.1908 | 3.88 it/s | 预计剩余 206s
step   300/1000 | loss 0.0750 | 3.87 it/s | 预计剩余 181s
step   400/1000 | loss 0.0549 | 3.86 it/s | 预计剩余 156s
step   500/1000 | loss 0.0455 | 3.85 it/s | 预计剩余 130s
step   600/1000 | loss 0.0409 | 3.85 it/s | 预计剩余 104s
step   700/1000 | loss 0.0349 | 3.87 it/s | 预计剩余 77s
step   800/1000 | loss 0.0309 | 3.94 it/s | 预计剩余 51s
step   900/1000 | loss 0.0344 | 3.98 it/s | 预计剩余 25s
step  1000/1000 | loss 0.0275 | 3.96 it/s | 预计剩余 0s
训练完成，耗时 4.2 分钟 | 最终 loss 0.0275 (前 100 步均值 3.9711)
已保存 loss_curve_L4_E128_lr0.001.png
已保存权重 exp2b.pt
--------------------------------------------------
【提示词「春」 第1段 | T=1.0 top_k=20】
春草明年绿，王孙归不归。
花间一壶酒，独酌无相亲。举杯邀明月，对影成三人。
小时不识月，呼作白玉盘。又疑瑶台镜，飞在青云端。
长安一片月，万户捣衣声。秋风吹不尽，总是玉关情。
弃我去者，昨日之日不可留。乱我心者，今日之日多烦忧。
抽刀断水水更流，举杯消愁更愁。人生在世不称意，明朝散发弄扁舟。
千里黄云白日曛，北风吹雁雪纷
--------------------------------------------------
【提示词「春」 第2段 | T=1.0 top_k=20】
春色来天地，玉垒浮云变古今。
独怜幽草涧边生，上有黄鹂深树鸣。春潮带雨晚来急，野渡无人舟自横。
天街小雨润如酥，草色遥看近却无。最是一年春好处，绝胜烟柳满皇都。
昔人已乘黄鹤去，此地空余黄鹤楼。黄鹤一去不复返，白云千载空悠悠。
晴川历历汉阳树，芳草萋萋鹦鹉洲。日暮乡关何处是，烟波江上使人愁。
渭城朝雨浥轻尘，客舍青青柳色
--------------------------------------------------
【提示词「月」 第1段 | T=1.0 top_k=20】
月中间多少行人泪。西北望长安，可怜无数山。
人生自古谁无死，留取丹心照汗青。辛苦遭逢起一经，干戈寥落四周星。
咬定青山不放松，立根原在破岩中。千磨万击还坚劲，任尔东西南北风。
千锤万凿出深山，烈火焚烧若等闲。粉骨碎身浑不怕，要留清白在人间。
浩荡离愁白日斜，吟鞭东指即天涯。落红不是无情物，化作春泥更护花。
九州生气恃风雷
--------------------------------------------------
【提示词「月」 第2段 | T=1.0 top_k=20】
月光，疑是地上霜。举头望明月，低头亲。举头望明月，低头思故乡。
此回。散发弄扁舟。
千里黄云白日曛，北风吹雁雪纷纷。莫愁前路无知己，天下谁人不识君。
慈母手中线，游子身上衣。临行密密缝，意恐迟迟归。谁言寸草心，报得三春晖。
山重水复疑无路，柳暗花明又一村。莫笑农家腊酒浑，丰年留客足鸡豚。
纸上得来终觉浅，绝知此事要躬行。
已保存 generated_base.txt
