PyTorch 2.14.0+cpu | 设备: cpu | 线程数: 2
语料 2162 字符 | 词表大小 V = 699
模型参数量 1,791,744 (1.792M) | 配置: n_layer=2 n_head=8 n_embd=256 block=128 pos=有
step     1/1000 | loss 6.6285 | 2.54 it/s | 预计剩余 393s
step   100/1000 | loss 0.3338 | 3.03 it/s | 预计剩余 297s
step   200/1000 | loss 0.0513 | 3.05 it/s | 预计剩余 263s
step   300/1000 | loss 0.0392 | 3.03 it/s | 预计剩余 231s
step   400/1000 | loss 0.0314 | 2.95 it/s | 预计剩余 204s
step   500/1000 | loss 0.0291 | 2.90 it/s | 预计剩余 172s
step   600/1000 | loss 0.0262 | 2.87 it/s | 预计剩余 139s
step   700/1000 | loss 0.0253 | 2.85 it/s | 预计剩余 105s
step   800/1000 | loss 0.0300 | 2.83 it/s | 预计剩余 71s
step   900/1000 | loss 0.0243 | 2.82 it/s | 预计剩余 35s
step  1000/1000 | loss 0.0304 | 2.81 it/s | 预计剩余 0s
训练完成，耗时 5.9 分钟 | 最终 loss 0.0304 (前 100 步均值 2.7736)
已保存 loss_curve_L2_E256_lr0.001.png
已保存权重 exp3b.pt
--------------------------------------------------
【提示词「春」 第1段 | T=1.0 top_k=20】
春。
巴山楚水凄凉地，二十三年弃置身。怀旧空吟闻笛赋，到乡翻似烂柯人。
沉舟侧畔千帆过，病树前头万木春。今日荷才露尖尖角，早有蜻蜓立上头。泉眼无声惜细流，树阴照水爱晴柔。
接天莲叶无穷碧，映日荷花别样红。毕竟西湖六月中，风光不与四时同。
胜日寻芳泗水滨，无边光景一时新。等闲识得东风面，万紫千红总是春。
半亩方塘一鉴开，天
--------------------------------------------------
【提示词「春」 第2段 | T=1.0 top_k=20】
春色来天地，玉垒浮云变古今。
独怜幽草涧边生，上有黄鹂深树鸣。春潮带雨晚来急，野渡无人舟自横。
天街小雨润如酥，草色遥看近却无。最是一年春好处，绝胜烟柳满皇都。
昔人已乘黄鹤去，此地空余黄鹤楼。黄鹤一去不复返，白云千载空悠悠。
晴川历历汉阳树，芳草萋润如相亲友如相问，一片冰心在玉壶。
山光忽西落，池月渐东上。散发乘夕凉，
--------------------------------------------------
【提示词「月」 第1段 | T=1.0 top_k=20】
月中，风光不与四时同。
胜日寻芳泗水滨，无边光景一时新。等闲识得东风面，万紫千红总是春。
半亩方塘一鉴开，天光云影共徘徊。问渠那得清如许，为有源头活水来。
郁孤台下清江水，中间多少行人泪。西北望长安，可怜无数山。
人生自古谁无死，留取丹心照汗青。辛苦遭逢起一经，干戈寥落四周星。
咬定青山不放松，立根原在破岩中。千磨万击还
--------------------------------------------------
【提示词「月」 第2段 | T=1.0 top_k=20】
月光，疑是地上霜。举头望明月，低头思故乡。
春眠不觉晓，处处闻啼鸟。夜来风雨声，花落知多少。
白日依山尽，黄河入海流。欲穷千里目，更上一层楼。
锄禾日当午，汗滴禾下土。谁知盘中餐，粒皆辛苦。
离离原上草，一岁一枯荣。野火烧不尽，春风不尽，春风吹又生。
远芳侵古道，晴翠接荒城。又送王孙去，萋萋满别情。
千山鸟飞绝，万径人踪
已保存 generated_base.txt
