PyTorch 2.14.0+cpu | 设备: cpu | 线程数: 2
语料 2162 字符 | 词表大小 V = 699
模型参数量 486,272 (0.486M) | 配置: n_layer=2 n_head=4 n_embd=128 block=128 pos=无
step     1/1000 | loss 6.6039 | 4.69 it/s | 预计剩余 213s
step   100/1000 | loss 1.3011 | 6.83 it/s | 预计剩余 132s
step   200/1000 | loss 0.2213 | 6.86 it/s | 预计剩余 117s
step   300/1000 | loss 0.0894 | 6.87 it/s | 预计剩余 102s
step   400/1000 | loss 0.0689 | 6.86 it/s | 预计剩余 87s
step   500/1000 | loss 0.0578 | 6.86 it/s | 预计剩余 73s
step   600/1000 | loss 0.0460 | 6.85 it/s | 预计剩余 58s
step   700/1000 | loss 0.0313 | 6.84 it/s | 预计剩余 44s
step   800/1000 | loss 0.0389 | 6.83 it/s | 预计剩余 29s
step   900/1000 | loss 0.0402 | 6.83 it/s | 预计剩余 15s
step  1000/1000 | loss 0.0392 | 6.82 it/s | 预计剩余 0s
训练完成，耗时 2.4 分钟 | 最终 loss 0.0392 (前 100 步均值 3.4459)
已保存 loss_curve_no_pos.png
已保存权重 exp5.pt
--------------------------------------------------
【提示词「春」 第1段 | T=1.0 top_k=20】
春空一鹤排云上，便引诗情到碧霄。
前不见古人，后不见来者。念天地之悠悠悠，独怆然而涕下。
葡萄美酒夜光杯，欲饮琵琶马上催。醉卧沙场君莫笑，古来征战几人回。
黄河远上白云间，一片孤城万仞山。但闻人语响。感时明白云间，一片孤城万仞山。羌笛何须怨杨柳，春风不教胡马度玉门关。
秦时明月黑雁飞将欲将回。
渭城飞高，万里长征人未还。
--------------------------------------------------
【提示词「春」 第2段 | T=1.0 top_k=20】
春色来天地，玉垒浮云变古今。
独怜幽草涧边生，上有黄鹂深树鸣。春潮带雨晚来急，野渡无人舟自横。
天街小雨润如酥，草色遥看近却无。最是一年春好处，绝胜烟柳满皇都。
昔人已乘黄鹤去，此地空余黄鹤楼。黄鹤一去不复返，白云千载空悠悠。
晴川历历汉阳树，芳草萋萋鹦鹉洲。日暮乡关何处是，烟波江上使人愁。
渭城朝雨浥轻尘，客舍青青青柳
--------------------------------------------------
【提示词「月」 第1段 | T=1.0 top_k=20】
月中，风光不与周郎便，铜雀春深锁二乔。
巴山楚水凄凉地，白玉盘。怀旧空吟闻笛赋，二十三月下土。
巴山重锦官城。欲将磨。
巴山楚水凄凉地，二十三年弃置身。怀旧空尽，二十三年弃置身。怀旧空吟闻笛赋，到乡翻似烂柯人。
沉舟侧畔千帆过，病树前头万木春。今日听君歌一曲，病树前头万木春。今日听君歌一曲，暂凭杯酒长精神。
朱雀桥边野草
--------------------------------------------------
【提示词「月」 第2段 | T=1.0 top_k=20】
月光，疑是地上霜。举头望明月，低头望明月，低头思故乡。
春眠不觉晓，劝天，处闻啼鸟。散发乘舟。
白日依山尽，柳满天，白日依山尽，黄河入海流。欲穷碧空尽，黄河入海流。欲穷千里目，更上一层楼。
锄禾日当午，江上草萋满弓刀。
远影碧空尽，江上草萋满别情。
远芳侵古道，花瀑布挂前川。
鹅，尽，尽，情。
鹅，万径人踪灭。谁大雪满皇
已保存 generated_no_pos.txt
