PyTorch 2.14.0+cpu | 设备: cpu | 线程数: 2
语料 2162 字符 | 词表大小 V = 699
模型参数量 502,656 (0.503M) | 配置: n_layer=2 n_head=4 n_embd=128 block=128 pos=有
step     1/2000 | loss 6.5638 | 6.43 it/s | 预计剩余 311s
step   100/2000 | loss 1.5500 | 8.28 it/s | 预计剩余 229s
step   200/2000 | loss 0.1641 | 8.24 it/s | 预计剩余 219s
step   300/2000 | loss 0.0711 | 8.26 it/s | 预计剩余 206s
step   400/2000 | loss 0.0567 | 8.24 it/s | 预计剩余 194s
step   500/2000 | loss 0.0424 | 8.22 it/s | 预计剩余 182s
step   600/2000 | loss 0.0422 | 8.24 it/s | 预计剩余 170s
step   700/2000 | loss 0.0337 | 8.24 it/s | 预计剩余 158s
step   800/2000 | loss 0.0357 | 8.23 it/s | 预计剩余 146s
step   900/2000 | loss 0.0257 | 8.23 it/s | 预计剩余 134s
step  1000/2000 | loss 0.0318 | 8.23 it/s | 预计剩余 122s
step  1100/2000 | loss 0.0237 | 8.23 it/s | 预计剩余 109s
step  1200/2000 | loss 0.0298 | 8.24 it/s | 预计剩余 97s
step  1300/2000 | loss 0.0209 | 8.26 it/s | 预计剩余 85s
step  1400/2000 | loss 0.0226 | 8.26 it/s | 预计剩余 73s
step  1500/2000 | loss 0.0248 | 8.26 it/s | 预计剩余 60s
step  1600/2000 | loss 0.0214 | 8.26 it/s | 预计剩余 48s
step  1700/2000 | loss 0.0210 | 8.26 it/s | 预计剩余 36s
step  1800/2000 | loss 0.0246 | 8.26 it/s | 预计剩余 24s
step  1900/2000 | loss 0.0230 | 8.24 it/s | 预计剩余 12s
step  2000/2000 | loss 0.0207 | 8.24 it/s | 预计剩余 0s
训练完成，耗时 4.0 分钟 | 最终 loss 0.0207 (前 100 步均值 3.6364)
已保存 loss_curve_L2_E128_lr0.001.png
已保存权重 min_llm.pt
--------------------------------------------------
【提示词「春」 第1段 | T=1.0 top_k=20】
春。
半亩方塘一鉴开，天光云影共徘徊。问渠那得清如许，为有源头活水来。
郁孤台下清江水，中间多少行人泪。西北望长安，可怜无数山。
人生自古谁无死，留取丹心照汗青。辛苦遭逢起一经，干戈寥落四周星。
咬定青山不放松，立根原在破岩中。千磨万击还坚劲，任尔东西南北风。
千锤万凿出深山，烈火焚烧若等闲。粉骨碎身浑不怕，要留清白在人
--------------------------------------------------
【提示词「春」 第2段 | T=1.0 top_k=20】
春色来天地，玉垒浮云变古今。
独怜幽草涧边生，上有黄鹂深树鸣。春潮带雨晚来急，野渡无人舟自横。
天街小雨润如酥，草色遥看近却无。最是一年春好处，绝胜烟柳满皇都。
昔人已乘黄鹤去，此地空余黄鹤楼。黄鹤一去不复返，白云千载空悠悠。
晴川历历汉阳树，芳草萋萋鹦鹉洲。日暮乡关何处是，烟波江上使人愁。
渭城朝雨浥轻尘，客舍青青柳色
--------------------------------------------------
【提示词「月」 第1段 | T=1.0 top_k=20】
月中，风光不与四时同。
胜日寻芳泗水滨，无边光景一时新。等闲识得东风面，万紫千红总是春。
半亩方塘一鉴开，天光云影共徘徊。问渠那得清如许，为有源头活水来。
郁孤台下清江水，中间多少行人泪。西北望长安，可怜无数山。
人生自古谁无死，留取丹心照汗青。辛苦遭逢起一经，干戈寥落四周星。
咬定青山不放松，立根原在破岩中。千磨万击还
--------------------------------------------------
【提示词「月」 第2段 | T=1.0 top_k=20】
月笼沙，夜泊秦淮近酒家。商女不知亡国恨，隔江犹唱后庭花。
折戟沉沙铁未销，自将磨洗认前朝。东风不与周郎便，铜雀春深锁二乔。
巴山楚水凄凉地，二十三年弃置身。怀旧空吟闻笛赋，到乡翻似烂柯人。
沉舟侧畔千帆过，病树前头万木春。今日听君歌一曲，暂凭杯酒长精神。
朱雀桥边野草花，乌衣巷口夕阳斜。旧时王谢堂前燕，飞入寻常百姓家。

已保存 generated_base.txt
